// Jest Snapshot v1, https://goo.gl/fbAQLP

exports[`Inline.Math render 1`] = `"$a^2 + b^2 = c^2$"`;
